[
  {
    "network_id": "a096d627-72e1-4f9b-b129-951b1737bff4",
    "node_id": "1",
    "type": "node_international_connections_country_not_set"
  }
]