[
  {
    "network_id": "a096d627-72e1-4f9b-b129-951b1737bff4",
    "node_id": "3",
    "type": "node_not_used_in_any_spans"
  }
]