[
  {
    "network_id": "a096d627-72e1-4f9b-b129-951b1737bff4",
    "type": "has_links_with_external_node_data"
  }
]