[
  {
    "network_id": "a096d627-72e1-4f9b-b129-951b1737bff4",
    "span_id": "1",
    "missing_node_id": "167",
    "type": "span_start_node_not_found"
  }
]